To honour the JVM settings for this build a single-use Daemon process will be forked. For more on this, please refer to https://docs.gradle.org/8.14.3/userguide/gradle_daemon.html#sec:disabling_the_daemon in the Gradle documentation.


[2A[1B[1m> Starting Daemon[m[17D[1B[1A> IDLE[0K[6D[1B[2ADaemon will be stopped at the end of the build 
[1B[0K
[2A[0K[1B> IDLE[6D[1B[2A[1m<[0;1m-------------> 0% INITIALIZING [84ms][m[38D[2B[2A[1m<[0;1m-------------> 0% INITIALIZING [186ms][m[39D[2B[2A[1m<[0;1m-------------> 0% INITIALIZING [285ms][m[39D[2B[2A[1m<[0;1m-------------> 0% INITIALIZING [385ms][m[39D[1B[1m> Evaluating settings[m[21D[1B[2A[1m<[0;1m-------------> 0% INITIALIZING [484ms][m[39D[2B[2A[1m<[0;1m-------------> 0% INITIALIZING [586ms][m[39D[2B[2A[1m<[0;1m-------------> 0% INITIALIZING [685ms][m[39D[2B[2A[1m<[0;1m-------------> 0% INITIALIZING [784ms][m[39D[2B[2A[1m<[0;1m-------------> 0% INITIALIZING [884ms][m[39D[2B[2A[1m<[0;1m-------------> 0% INITIALIZING [985ms][m[39D[2B[2A[1m<[0;1m-------------> 0% INITIALIZING [1s][m[0K[36D[2B[2A[1m<[0;1m-------------> 0% CONFIGURING [1s][m[0K[35D[1B> IDLE[0K[6D[1B[2AType-safe project accessors is an incubating feature.[0K
[1B[0K

FAILURE: Build failed with an exception.

* What went wrong:
Task '.gradle.console=plain' not found in root project 'FireTv' and its subprojects.

* Try:
> Run gradlew tasks to get a list of available tasks.
> For more on name expansion, please refer to https://docs.gradle.org/8.14.3/userguide/command_line_interface.html#sec:name_abbreviation in the Gradle documentation.
> Run with --stacktrace option to get the stack trace.
[2A[1m<[0;1m-------------> 0% CONFIGURING [1s][m[35D[1B[1m> Loading projects[m[18D[1B[1A[1m> root project[m[0K[14D[1B[2A[1m<[0;1m-------------> 0% CONFIGURING [2s][m[35D[1B[1m> root project > Resolve dependencies of classpath[m[50D[1B[1A[1m> root project > Resolve files of configuration 'classpath'[m[59D[1B[1A[1m> root project > Resolve files of configuration 'classpath' > Resolve files of [m[79D[1B[1A[1m> root project > Resolve files of configuration 'classpath'[m[0K[59D[1B[1A[1m> root project[m[0K[14D[1B[2A[1m<[0;32;1m=[0;39;1m------------> 11% CONFIGURING [2s][m[36D[1B[1m> :app[m[0K[6D[1B[2A[1m<[0;32;1m=[0;39;1m------------> 11% CONFIGURING [3s][m[36D[2B[2A[1m<[0;32;1m=[0;39;1m------------> 11% CONFIGURING [4s][m[36D[2B[2A[1m<[0;32;1m=[0;39;1m------------> 11% CONFIGURING [5s][m[36D[2B[2A[1m<[0;32;1m==[0;39;1m-----------> 22% CONFIGURING [5s][m[36D[1B[1m> :data[m[7D[1B[2A[1m<[0;32;1m==[0;39;1m-----------> 22% CONFIGURING [6s][m[36D[2B[2A[1m<[0;32;1m=====[0;39;1m--------> 44% CONFIGURING [6s][m[36D[1B[1m> :mylibrary[m[12D[1B[2A[1m<[0;32;1m=======[0;39;1m------> 55% CONFIGURING [6s][m[36D[1B[1m> :shared[m[0K[9D[1B[2A[1m<[0;32;1m========[0;39;1m-----> 66% CONFIGURING [6s][m[36D[1B[1m> :simplesearchview[m[19D[1B[2A[1m<[0;32;1m==========[0;39;1m---> 77% CONFIGURING [6s][m[36D[1B[1m> :xtream[m[0K[9D[1B[2A[1m<[0;32;1m===========[0;39;1m--> 88% CONFIGURING [6s][m[36D[1B[1m> :features:ui[m[14D[1B[2A[1m<[0;32;1m=============[0;39;1m> 100% CONFIGURING [6s][m[37D[1B> IDLE[0K[6D[1B[2A[0K
[Incubating] Problems report is available at: file:///C:/src/Synced/FireTv/build/reports/problems/problems-report.html[0K

Deprecated Gradle features were used in this build, making it incompatible with Gradle 9.0.

You can use '--warning-mode all' to show the individual deprecation warnings and determine if they come from your own scripts or plugins.

For more on this, please refer to https://docs.gradle.org/8.14.3/userguide/command_line_interface.html#sec:command_line_warnings in the Gradle documentation.
[0K
[0K
> Run with --info or --debug option to get more log output.
> Run with --scan to get full insights.
> Get more help at https://help.gradle.org.

BUILD FAILED in 8s
[2A[1m<[0;1m-------------> 0% WAITING[m[26D[1B> IDLE[6D[1B[2A[2K[1B[2K[1A
